<?xml version="1.0" encoding="UTF-8"?>
<itop_design xmlns:xsi="http://www.w3.org/2001/XMLSchema-instance" version="1.7">
  <branding _revision_id="180">
    <main_logo _revision_id="53" _delta="define">
      <fileref ref="smile_portal_logo_7417a491754f12f744ac6311525e4db3" _revision_id="116"/>
    </main_logo>
    <login_logo _revision_id="53" _delta="define">
      <fileref ref="smile_portal_logo_7417a491754f12f744ac6311525e4db3" _revision_id="116"/>
    </login_logo>
    <portal_logo _revision_id="53" _delta="define">
      <fileref ref="smile_portal_logo_7417a491754f12f744ac6311525e4db3" _revision_id="116"/>
    </portal_logo>
  </branding>
  <constants>
    <constant id="RESPONSE_TICKET_SLT_QUERY" xsi:type="string" _created_in="itop-tickets" _revision_id="19" _delta="redefine"><![CDATA[SELECT slt FROM Organization AS child JOIN Organization AS root ON child.parent_id BELOW root.id JOIN CustomerContract AS cc ON cc.org_id=root.id JOIN lnkCustomerContractToService AS l1 ON l1.customercontract_id=cc.id JOIN SLA AS sla ON l1.sla_id=sla.id JOIN lnkSLAToSLT AS l2 ON l2.sla_id=sla.id JOIN SLT AS slt ON l2.slt_id=slt.id WHERE slt.metric = :metric AND l1.service_id = :this->service_id AND child.id= :this->org_id AND slt.request_type = :request_type AND slt.priority = :this->priority]]></constant>
  </constants>
</itop_design>
