<?xml version="1.0" encoding="UTF-8"?>
<itop_design xmlns:xsi="http://www.w3.org/2001/XMLSchema-instance" version="1.6">
  <menus>
    <menu id="WelcomeMenuLink1" xsi:type="WebPageMenuNode" _delta="define">
      <rank>100</rank>
      <parent>WelcomeMenu</parent>
      <url>$$http://fr.wikipedia.org/</url>
    </menu>
    <menu id="WelcomeMenuLink2" xsi:type="WebPageMenuNode" _delta="define">
      <rank>100</rank>
      <parent>WelcomeMenu</parent>
      <url>$$http://fr.wikipedia.org/</url>
    </menu>
  </menus>
  <branding/>
</itop_design>
