<?xml version="1.0" encoding="UTF-8"?>
<itop_design xmlns:xsi="http://www.w3.org/2001/XMLSchema-instance" version="1.7">
  <branding>
    <themes>
      <theme id="test-red" _delta="define">
        <variables>
          <variable id="backoffice-environment-banner-background-color">#C53030</variable>
          <variable id="var1">#C53030</variable>
        </variables>
        <imports>
          <import id="scss-variables">../css/scss-variables.scss</import>
        </imports>
        <stylesheets>
          <stylesheet id="custom">../css/custom.scss</stylesheet>
        </stylesheets>
      </theme>
    </themes>
  </branding>
  <classes>
    <class id="ClassWithStateButNoLifecycle">
      <properties>
        <icon>images/class-with-lifecycle.png</icon>
      </properties>
    </class>
    <class id="ClassWithStateAndLifecycle">
      <properties>
        <icon>images/class-with-lifecycle.png</icon>
      </properties>
      <lifecycle>
        <attribute>foo</attribute>
      </lifecycle>
    </class>
    <class id="ClassWithStateAndImage">
      <properties>
        <icon>images/class-with-lifecycle.png</icon>
      </properties>
    </class>
    <class id="ClassWithImageOnly">
      <properties>
        <icon>images/class-with-lifecycle.png</icon>
      </properties>
    </class>
    <class id="OtherClass">
      <properties>
        <icon revisionid="2" _delta="redefine">
          <fileref ref="company_0faae3b9d86b7c382b2e4cdae570bc3c" revisionid="62"/>
        </icon>
      </properties>
      <fields>
        <field id="status" xsi:type="AttributeEnum">
          <always_load_in_tables>true</always_load_in_tables>
          <values>
            <value id="new">new</value>
            <value id="waiting_for_approval">waiting_for_approval</value>
          </values>
        </field>
        <field id="operational_status" xsi:type="AttributeMetaEnum">
          <values>
            <value id="ongoing">ongoing</value>
            <value id="resolved">resolved</value>
          </values>
        </field>
      </fields>
    </class>
  </classes>
  <menus>
    <menu id="WelcomeMenuLink1" xsi:type="WebPageMenuNode" _delta="define">
      <rank>100</rank>
      <parent>WelcomeMenu</parent>
      <url>$$http://fr.wikipedia.org/</url>
      <in_new_window>true</in_new_window>
    </menu>
    <menu id="RequestManagement" xsi:type="MenuGroup" _delta="define">
      <rank>30</rank>
      <enable_stimulus/>
    </menu>
  </menus>
  <branding>
    <main_logo _delta="define">images/itop-logo.png</main_logo>
  </branding>
  <meta>
    <previous_versions>
      <previous_version_1_7>
        <trashed_nodes>
          <trashed_node id="XXX">
            <parent_xpath>/itop_design/branding/themes</parent_xpath>
            <node_tree>
              <theme id="light-grey">
                <variables/>
                <imports>
                  <import id="css-variables">../css/css-variables.scss</import>
                </imports>
                <stylesheets>
                  <stylesheet id="jqueryui">../css/ui-lightness/jqueryui.scss</stylesheet>
                  <stylesheet id="main">../css/light-grey.scss</stylesheet>
                </stylesheets>
              </theme>
            </node_tree>
          </trashed_node>
          <trashed_node id="XXX">
            <parent_xpath>/itop_design/branding/themes/theme[@id="test-red"]/imports</parent_xpath>
            <node_tree>
              <import id="css-variables">../css/css-variables.scss</import>
            </node_tree>
          </trashed_node>
          <trashed_node id="XXX">
            <parent_xpath>/itop_design/branding/themes/theme[@id="test-red"]/stylesheets</parent_xpath>
            <node_tree>
              <stylesheet id="jqueryui">../css/ui-lightness/jqueryui.scss</stylesheet>
            </node_tree>
          </trashed_node>
          <trashed_node id="XXX">
            <parent_xpath>/itop_design/branding/themes/theme[@id="test-red"]/stylesheets</parent_xpath>
            <node_tree>
              <stylesheet id="main">../css/main.scss</stylesheet>
            </node_tree>
          </trashed_node>
        </trashed_nodes>
      </previous_version_1_7>
    </previous_versions>
  </meta>
</itop_design>
