<?xml version="1.0" encoding="UTF-8"?>
<itop_design xmlns:xsi="http://www.w3.org/2001/XMLSchema-instance" version="3.0">
  <classes>
    <class id="ClassWithAttributeLinkedSetEditModeNone">
      <fields>
        <field id="status" xsi:type="AttributeLinkedSet">
          <edit_mode>none</edit_mode>
        </field>
      </fields>
    </class>
    <class id="ClassWithAttributeLinkedSetEditModeAddOnly">
      <fields>
        <field id="status" xsi:type="AttributeLinkedSet">
          <edit_mode>add_only</edit_mode>
        </field>
      </fields>
    </class>
    <class id="ClassWithAttributeLinkedSetEditModeAddRemove">
      <fields>
        <field id="status" xsi:type="AttributeLinkedSet">
          <edit_mode>add_remove</edit_mode>
        </field>
      </fields>
    </class>
    <class id="ClassWithAttributeLinkedSetEditModeActions">
      <fields>
        <field id="status" xsi:type="AttributeLinkedSet">
          <edit_mode>actions</edit_mode>
        </field>
      </fields>
    </class>
    <class id="ClassWithAttributeLinkedSetEditModeInPlace">
      <fields>
        <field id="status" xsi:type="AttributeLinkedSet">
          <edit_mode>in_place</edit_mode>
        </field>
      </fields>
    </class>
    <class id="ClassWithAttributeLinkedSetNoEditMode">
      <fields>
        <field id="status" xsi:type="AttributeLinkedSet">
          <linked_class>Ticket</linked_class>
        </field>
      </fields>
    </class>
    <class id="ClassWithAttributeLinkedSetIndirect">
      <fields>
        <field id="status" xsi:type="AttributeLinkedSetIndirect"/>
      </fields>
    </class>
    <class id="ClassWithAttributeLinkedSetDisplayStyle">
      <fields>
        <field id="status" xsi:type="AttributeLinkedSet">
        </field>
      </fields>
    </class>
    <class id="ClassWithAttributeLinkedSetIndirectDisplayStyle">
      <fields>
        <field id="status" xsi:type="AttributeLinkedSetIndirect">
        </field>
      </fields>
    </class>
    <class id="ClassWithEventListeners">
      <methods>
        <method id="OnUpdateDone" _delta="define">
          <static>false</static>
          <access>public</access>
          <type>EventListener</type>
          <code><![CDATA[
  public function OnUserRequestUpdateDone(Combodo\iTop\Service\EventData $oEventData)
	{
	      $sEvent = $oEventData->GetEvent();
	      $aChange = $oEventData->Get('changes');
	}
]]></code>
        </method>
      </methods>
    </class>
  </classes>
</itop_design>
