{"variables":{"brand-primary":"#C53030","hover-background-color":"#F6F6F6","icons-filter":"grayscale(1)","search-form-container-bg-color":"#4A5568"},"imports":{"css-variables":"..\/css\/css-variables.scss"},"stylesheets":{"jqueryui":"..\/css\/ui-lightness\/jqueryui.scss","main":"..\/css\/light-grey.scss"}}