{"variables":{"brand-primary":"#C53030","hover-background-color":"#F6F6F6","icons-filter":"grayscale(1)","search-form-container-bg-color":"#4A5568"},"utility_imports":[],"variable_imports":{"css-variables":"..\/css\/DO_NOT_CHANGE.css-variables.scss"},"stylesheets":{"jqueryui":"..\/css\/ui-lightness\/DO_NOT_CHANGE.jqueryui.scss","main":"..\/css\/DO_NOT_CHANGE.light-grey.scss"}}